bLblL0t9cX_d0_pXlXcL0_d9_m0ns9rrXt9_nX_9stXnt9_X_9sq89rdX_n0_dLX_14_d9_n0v97r0_p9lXs_10_23_d9_mXL0_